
KISHORE@LAPTOP-TODLBLBG MINGW64 ~/Desktop/git-app
$ touch index.html

KISHORE@LAPTOP-TODLBLBG MINGW64 ~/Desktop/git-app
$ touch index.js

KISHORE@LAPTOP-TODLBLBG MINGW64 ~/Desktop/git-app
$ git init
Initialized empty Git repository in C:/Users/KISHORE/Desktop/git-app/.git/

KISHORE@LAPTOP-TODLBLBG MINGW64 ~/Desktop/git-app (master)
$ git config --global user.name 'ande kishore kumar'

KISHORE@LAPTOP-TODLBLBG MINGW64 ~/Desktop/git-app (master)
$ git config --global user.email 'ande.kishore007@gmail.com'

KISHORE@LAPTOP-TODLBLBG MINGW64 ~/Desktop/git-app (master)
$ git add index.html

KISHORE@LAPTOP-TODLBLBG MINGW64 ~/Desktop/git-app (master)
$ git status
On branch master

No commits yet

Changes to be committed:
  (use "git rm --cached <file>..." to unstage)
        new file:   index.html

Untracked files:
  (use "git add <file>..." to include in what will be committed)
        index.js


KISHORE@LAPTOP-TODLBLBG MINGW64 ~/Desktop/git-app (master)
$ git rm --cached index.html
rm 'index.html'

KISHORE@LAPTOP-TODLBLBG MINGW64 ~/Desktop/git-app (master)
$ git status
On branch master

No commits yet

Untracked files:
  (use "git add <file>..." to include in what will be committed)
        index.html
        index.js

nothing added to commit but untracked files present (use "git add" to track)

KISHORE@LAPTOP-TODLBLBG MINGW64 ~/Desktop/git-app (master)
$ git add *.html

KISHORE@LAPTOP-TODLBLBG MINGW64 ~/Desktop/git-app (master)
$ git status
On branch master

No commits yet

Changes to be committed:
  (use "git rm --cached <file>..." to unstage)
        new file:   index.html

Untracked files:
  (use "git add <file>..." to include in what will be committed)
        index.js


KISHORE@LAPTOP-TODLBLBG MINGW64 ~/Desktop/git-app (master)
$ git rem --cached index.html
git: 'rem' is not a git command. See 'git --help'.

The most similar commands are
        grep
        remote
        rm

KISHORE@LAPTOP-TODLBLBG MINGW64 ~/Desktop/git-app (master)
$ git rm --cached index.html
rm 'index.html'

KISHORE@LAPTOP-TODLBLBG MINGW64 ~/Desktop/git-app (master)
$ git status
On branch master

No commits yet

Untracked files:
  (use "git add <file>..." to include in what will be committed)
        index.html
        index.js

nothing added to commit but untracked files present (use "git add" to track)

KISHORE@LAPTOP-TODLBLBG MINGW64 ~/Desktop/git-app (master)
$ git add .

KISHORE@LAPTOP-TODLBLBG MINGW64 ~/Desktop/git-app (master)
$ git staus
git: 'staus' is not a git command. See 'git --help'.

The most similar command is
        status

KISHORE@LAPTOP-TODLBLBG MINGW64 ~/Desktop/git-app (master)
$ git status
On branch master

No commits yet

Changes to be committed:
  (use "git rm --cached <file>..." to unstage)
        new file:   index.html
        new file:   index.js


KISHORE@LAPTOP-TODLBLBG MINGW64 ~/Desktop/git-app (master)
$ git status
On branch master

No commits yet

Changes to be committed:
  (use "git rm --cached <file>..." to unstage)
        new file:   index.html
        new file:   index.js

Changes not staged for commit:
  (use "git add <file>..." to update what will be committed)
  (use "git restore <file>..." to discard changes in working directory)
        modified:   index.html


KISHORE@LAPTOP-TODLBLBG MINGW64 ~/Desktop/git-app (master)
$ git add .

KISHORE@LAPTOP-TODLBLBG MINGW64 ~/Desktop/git-app (master)
$ git status
On branch master

No commits yet

Changes to be committed:
  (use "git rm --cached <file>..." to unstage)
        new file:   index.html
        new file:   index.js


KISHORE@LAPTOP-TODLBLBG MINGW64 ~/Desktop/git-app (master)
$ git commit
[master (root-commit) 03c0092]  Initial commit
 2 files changed, 12 insertions(+)
 create mode 100644 index.html
 create mode 100644 index.js

KISHORE@LAPTOP-TODLBLBG MINGW64 ~/Desktop/git-app (master)
$ git status
On branch master
nothing to commit, working tree clean

KISHORE@LAPTOP-TODLBLBG MINGW64 ~/Desktop/git-app (master)
$ git status
On branch master
Changes not staged for commit:
  (use "git add <file>..." to update what will be committed)
  (use "git restore <file>..." to discard changes in working directory)
        modified:   index.js

no changes added to commit (use "git add" and/or "git commit -a")

KISHORE@LAPTOP-TODLBLBG MINGW64 ~/Desktop/git-app (master)
$ git add .

KISHORE@LAPTOP-TODLBLBG MINGW64 ~/Desktop/git-app (master)
$ git commit -m 'changed app.js'
[master b18799b] changed app.js
 1 file changed, 1 insertion(+), 1 deletion(-)

KISHORE@LAPTOP-TODLBLBG MINGW64 ~/Desktop/git-app (master)
$ git status
On branch master
nothing to commit, working tree clean

KISHORE@LAPTOP-TODLBLBG MINGW64 ~/Desktop/git-app (master)
$ touch .gitignore

KISHORE@LAPTOP-TODLBLBG MINGW64 ~/Desktop/git-app (master)
$ touch log.txt

KISHORE@LAPTOP-TODLBLBG MINGW64 ~/Desktop/git-app (master)
$ git status
On branch master
Untracked files:
  (use "git add <file>..." to include in what will be committed)
        .gitignore

nothing added to commit but untracked files present (use "git add" to track)

KISHORE@LAPTOP-TODLBLBG MINGW64 ~/Desktop/git-app (master)
$ git add .

KISHORE@LAPTOP-TODLBLBG MINGW64 ~/Desktop/git-app (master)
$ git status
On branch master
Changes to be committed:
  (use "git restore --staged <file>..." to unstage)
        new file:   .gitignore


KISHORE@LAPTOP-TODLBLBG MINGW64 ~/Desktop/git-app (master)
$ git add .

KISHORE@LAPTOP-TODLBLBG MINGW64 ~/Desktop/git-app (master)
$ git status
On branch master
Changes to be committed:
  (use "git restore --staged <file>..." to unstage)
        new file:   .gitignore
        new file:   dir1/app1.js


KISHORE@LAPTOP-TODLBLBG MINGW64 ~/Desktop/git-app (master)
$ git branch login

KISHORE@LAPTOP-TODLBLBG MINGW64 ~/Desktop/git-app (master)
$ git status
On branch master
Changes to be committed:
  (use "git restore --staged <file>..." to unstage)
        new file:   .gitignore
        new file:   dir1/app1.js


KISHORE@LAPTOP-TODLBLBG MINGW64 ~/Desktop/git-app (master)
$ git commit -m 'another change'
[master 31d40c8] another change
 2 files changed, 3 insertions(+)
 create mode 100644 .gitignore
 create mode 100644 dir1/app1.js

KISHORE@LAPTOP-TODLBLBG MINGW64 ~/Desktop/git-app (master)
$ git checkout login
Switched to branch 'login'

KISHORE@LAPTOP-TODLBLBG MINGW64 ~/Desktop/git-app (login)
$ touch login.html

KISHORE@LAPTOP-TODLBLBG MINGW64 ~/Desktop/git-app (login)
$ git add .

KISHORE@LAPTOP-TODLBLBG MINGW64 ~/Desktop/git-app (login)
$ git commit -m 'login form'
[login e61a01f] login form
 4 files changed, 13 insertions(+), 1 deletion(-)
 create mode 100644 dir2/app2.js
 create mode 100644 log.txt
 create mode 100644 login.html

KISHORE@LAPTOP-TODLBLBG MINGW64 ~/Desktop/git-app (login)
$ git checkout master
Switched to branch 'master'

KISHORE@LAPTOP-TODLBLBG MINGW64 ~/Desktop/git-app (master)
$ git merge login
Merge made by the 'ort' strategy.
 dir2/app2.js |  0
 index.html   |  2 +-
 log.txt      |  1 +
 login.html   | 11 +++++++++++
 4 files changed, 13 insertions(+), 1 deletion(-)
 create mode 100644 dir2/app2.js
 create mode 100644 log.txt
 create mode 100644 login.html

KISHORE@LAPTOP-TODLBLBG MINGW64 ~/Desktop/git-app (master)
$


KISHORE@LAPTOP-TODLBLBG MINGW64 ~/Desktop/git-app (master)
$ git remote add origin https://github.com/andekishorekumar/git-repo-2.git

KISHORE@LAPTOP-TODLBLBG MINGW64 ~/Desktop/git-app (master)
$ git push -u origin main
error: src refspec main does not match any
error: failed to push some refs to 'https://github.com/andekishorekumar/git-repo-2.git'

KISHORE@LAPTOP-TODLBLBG MINGW64 ~/Desktop/git-app (master)
$ ^C

KISHORE@LAPTOP-TODLBLBG MINGW64 ~/Desktop/git-app (master)
$ git push -u origin master
Enumerating objects: 24, done.
Counting objects: 100% (24/24), done.
Delta compression using up to 12 threads
Compressing objects: 100% (16/16), done.
Writing objects: 100% (24/24), 2.95 KiB | 2.95 MiB/s, done.
Total 24 (delta 5), reused 0 (delta 0), pack-reused 0 (from 0)
remote: Resolving deltas: 100% (5/5), done.
To https://github.com/andekishorekumar/git-repo-2.git
 * [new branch]      master -> master
branch 'master' set up to track 'origin/master'.

KISHORE@LAPTOP-TODLBLBG MINGW64 ~/Desktop/git-app (master)
$ touch README.md

KISHORE@LAPTOP-TODLBLBG MINGW64 ~/Desktop/git-app (master)
$ git add .

KISHORE@LAPTOP-TODLBLBG MINGW64 ~/Desktop/git-app (master)
$ git commit -m 'added readme file'
[master 47525ce] added readme file
 1 file changed, 0 insertions(+), 0 deletions(-)
 create mode 100644 README.md

KISHORE@LAPTOP-TODLBLBG MINGW64 ~/Desktop/git-app (master)
$ git push
Enumerating objects: 4, done.
Counting objects: 100% (4/4), done.
Delta compression using up to 12 threads
Compressing objects: 100% (2/2), done.
Writing objects: 100% (3/3), 273 bytes | 273.00 KiB/s, done.
Total 3 (delta 1), reused 0 (delta 0), pack-reused 0 (from 0)
remote: Resolving deltas: 100% (1/1), completed with 1 local object.
To https://github.com/andekishorekumar/git-repo-2.git
   74bd88d..47525ce  master -> master

KISHORE@LAPTOP-TODLBLBG MINGW64 ~/Desktop/git-app (master)
$ git pull
Already up to date.

KISHORE@LAPTOP-TODLBLBG MINGW64 ~/Desktop/git-app (master)
$




